2026-04-30T06:30:37+00:00 DEBUG #8418 - [New Request] GET /Pet_shop/wp-admin/admin.php
2026-04-30T06:30:37+00:00 DEBUG #8418 - GET https://api.woocommerce.com/integrations/ppc/v1/customer/partners/K8SKZ36LQBWXJ/merchant-integrations/
Response: Array
(
    [code] => 404
    [message] => Not Found
)

Response Body: {"statusCode":404,"error":"Not Found","message":"Not Found"}

2026-04-30T06:30:37+00:00 WARNING #8418 - [Error] Not Found CONTEXT: {"args":{"method":"GET","headers":{"Authorization":"Bearer token","Content-Type":"application/json"}},"response":{"headers":{},"body":"{"statusCode":404,"error":"Not Found","message":"Not Found"}","response":{"code":404,"message":"Not Found"},"cookies":[],"filename":null,"http_response":{"data":null,"headers":null,"status":null}}}
2026-04-30T06:30:45+00:00 DEBUG #6801 - [New Request] GET /Pet_shop/wp-json/wc/v3/wc_paypal/webhooks
2026-04-30T06:30:45+00:00 DEBUG #6801 - GET https://api.woocommerce.com/integrations/ppc/v1/notifications/webhooks
Response: Array
(
    [code] => 404
    [message] => Not Found
)

Response Body: {"statusCode":404,"error":"Not Found","message":"Not Found"}

2026-04-30T06:31:24+00:00 DEBUG #4514 - [New Request] POST /Pet_shop/wp-json/wc/v3/wc_paypal/login_link
2026-04-30T06:31:24+00:00 INFO #4514 - Generating onboarding URL for: production-express_checkout-
2026-04-30T06:31:26+00:00 DEBUG #4514 - POST https://api.woocommerce.com/integrations/ppc/v2/customer/partner-referrals
Request Body: {"partner_config_override":{"return_url":"http:\/\/localhost\/Pet_shop\/wp-admin\/admin.php?page=wc-settings&tab=checkout&section=ppcp-gateway&ppcpToken=eyJrIjoicHJvZHVjdGlvbi1leHByZXNzX2NoZWNrb3V0LSIsInUiOjEsImgiOiIzNmRhMTFiZTI1NmZjNGM4ZmJhNzg0NjcxMDIyZDBhMCJ9","return_url_description":"Return to your shop.","show_add_credit_card":false},"products":["EXPRESS_CHECKOUT"],"legal_consents":[{"type":"SHARE_DATA_CONSENT","granted":true}],"operations":[{"operation":"API_INTEGRATION","api_integration_preference":{"rest_api_integration":{"integration_method":"PAYPAL","integration_type":"FIRST_PARTY","first_party_details":{"features":["PAYMENT","REFUND","ADVANCED_TRANSACTIONS_SEARCH","TRACKING_SHIPMENT_READWRITE","BILLING_AGREEMENT"],"seller_nonce":"a1233wtergfsdt4365tzrshgfbaewa36AGa1233wtergfsdt4365tzrshgfbaewa36AG"}}}}]}
Response Debug ID: fcc2b8b0db2ed
Response: Array
(
    [code] => 201
    [message] => Created
)


